// Jest Snapshot v1, https://goo.gl/fbAQLP

exports[`POST /order_items throws validation error for required properties 1`] = `
Array [
  Object {
    "instancePath": "",
    "keyword": "required",
    "message": "must have required property 'order_id'",
    "params": Object {
      "missingProperty": "order_id",
    },
    "schemaPath": "#/required",
  },
  Object {
    "instancePath": "",
    "keyword": "required",
    "message": "must have required property 'product_id'",
    "params": Object {
      "missingProperty": "product_id",
    },
    "schemaPath": "#/required",
  },
]
`;
