// Jest Snapshot v1, https://goo.gl/fbAQLP

exports[`POST /customers creates and returns a customer 1`] = `
Object {
  "created_at": Any<String>,
  "email": "dimitris.klouvas@gmail.com",
  "first_name": "Dimitris",
  "id": Any<Number>,
  "last_name": "Klouvas",
  "updated_at": Any<String>,
  "uuid": Any<String>,
}
`;

exports[`POST /customers throws validation error for required properties 1`] = `
Array [
  Object {
    "instancePath": "",
    "keyword": "required",
    "message": "must have required property 'first_name'",
    "params": Object {
      "missingProperty": "first_name",
    },
    "schemaPath": "#/required",
  },
  Object {
    "instancePath": "",
    "keyword": "required",
    "message": "must have required property 'last_name'",
    "params": Object {
      "missingProperty": "last_name",
    },
    "schemaPath": "#/required",
  },
  Object {
    "instancePath": "",
    "keyword": "required",
    "message": "must have required property 'email'",
    "params": Object {
      "missingProperty": "email",
    },
    "schemaPath": "#/required",
  },
  Object {
    "instancePath": "",
    "keyword": "required",
    "message": "must have required property 'password'",
    "params": Object {
      "missingProperty": "password",
    },
    "schemaPath": "#/required",
  },
]
`;

exports[`POST /customers throws validation error for unique email 1`] = `
Object {
  "message": "email already exists!",
}
`;

exports[`POST /customers throws validation error with additional properties 1`] = `
Array [
  Object {
    "instancePath": "",
    "keyword": "additionalProperties",
    "message": "must NOT have additional properties",
    "params": Object {
      "additionalProperty": "id",
    },
    "schemaPath": "#/additionalProperties",
  },
  Object {
    "instancePath": "",
    "keyword": "additionalProperties",
    "message": "must NOT have additional properties",
    "params": Object {
      "additionalProperty": "created_at",
    },
    "schemaPath": "#/additionalProperties",
  },
]
`;
