// Jest Snapshot v1, https://goo.gl/fbAQLP

exports[`GET /slots/:shop_id/available/:slot_id? returns all available slots 1`] = `
{
  "active": true,
  "capacity": 1,
  "created_at": Any<String>,
  "id": Any<Number>,
  "section_id": Any<String>,
  "sku": "table-1",
  "updated_at": Any<String>,
  "user_id": Any<String>,
  "uuid": Any<String>,
}
`;

exports[`GET /slots/:shop_id/available/:slot_id? returns available specified slot 1`] = `
{
  "active": true,
  "capacity": 1,
  "created_at": Any<String>,
  "id": Any<Number>,
  "section_id": Any<String>,
  "sku": "table-1",
  "updated_at": Any<String>,
  "user_id": Any<String>,
  "uuid": Any<String>,
}
`;

exports[`GET /slots/:shop_id/available/:slot_id? returns available specified slot using uuid 1`] = `
{
  "active": true,
  "capacity": 1,
  "created_at": Any<String>,
  "id": Any<Number>,
  "section_id": Any<String>,
  "sku": "table-1",
  "updated_at": Any<String>,
  "user_id": Any<String>,
  "uuid": Any<String>,
}
`;
